  Γû▓ Next.js 14.2.21
  - Environments: .env.local

   Creating an optimized production build ...
 Γ£ô Compiled successfully
   Skipping validation of types
   Skipping linting
   Collecting page data ...
   Generating static pages (0/42) ...
   Generating static pages (10/42) 
   Generating static pages (20/42) 
   Generating static pages (31/42) 
 Γ£ô Generating static pages (42/42)
   Finalizing page optimization ...
   Collecting build traces ...

Route (app)                              Size     First Load JS
Γöî Γùï /                                    22.8 kB         206 kB
Γö£ Γùï /_not-found                          142 B          87.3 kB
Γö£ Γùï /about                               3.34 kB         176 kB
Γö£ Γùï /accessories                         6.78 kB         180 kB
Γö£ Γùï /admin                               7.03 kB         150 kB
Γö£ Γùï /admin/coupons                       5.5 kB          149 kB
Γö£ Γùï /admin/finances                      2.41 kB         176 kB
Γö£ Γùï /admin/import                        3.55 kB         147 kB
Γö£ Γùï /admin/logs                          2.07 kB         145 kB
Γö£ Γùï /admin/products                      4.57 kB         151 kB
Γö£ Γùï /admin/users                         2.74 kB         146 kB
Γö£ ╞Æ /api                                 0 B                0 B
Γö£ Γùï /api/my-ip                           0 B                0 B
Γö£ ╞Æ /api/validate-order                  0 B                0 B
Γö£ ╞Æ /auth/callback                       0 B                0 B
Γö£ ╞Æ /auth/confirm                        0 B                0 B
Γö£ Γùï /become-dealer                       3.63 kB         177 kB
Γö£ Γùï /become-dealer/form                  4.12 kB         177 kB
Γö£ Γùï /categories                          5.46 kB         179 kB
Γö£ Γùï /checkout                            8.77 kB         182 kB
Γö£ Γùï /contact                             4.13 kB         177 kB
Γö£ Γùï /faq                                 4.59 kB         178 kB
Γö£ Γùï /garage                              3.61 kB         177 kB
Γö£ Γùï /invoice                             3.48 kB         177 kB
Γö£ Γùï /price-request                       4.37 kB         177 kB
Γö£ Γùï /privacy                             198 B           173 kB
Γö£ Γùï /products                            11.6 kB         195 kB
Γö£ ╞Æ /products/[id]                       7.5 kB          191 kB
Γö£ Γùï /profile                             10.3 kB         160 kB
Γö£ Γùï /return-policy                       198 B           173 kB
Γö£ Γùï /sell                                4.53 kB         182 kB
Γö£ Γùï /seller/dashboard                    5.84 kB         179 kB
Γö£ Γùï /seller/import                       150 kB          324 kB
Γö£ Γùï /seller/products                     3.72 kB         177 kB
Γö£ ╞Æ /seller/products/edit/[id]           3.4 kB          177 kB
Γö£ Γùï /seller/settings                     3.38 kB         176 kB
Γö£ Γùï /shipping                            198 B           173 kB
Γö£ Γùï /terms                               198 B           173 kB
Γö£ Γùï /track-order                         3.7 kB          177 kB
Γö£ Γùï /vehicles                            3.08 kB         176 kB
Γö£ Γùï /warranty                            198 B           173 kB
Γöö Γùï /wishlist                            1.31 kB         185 kB
+ First Load JS shared by all            87.2 kB
  Γö£ chunks/2117-2d0b8d5b359d078a.js      31.6 kB
  Γö£ chunks/fd9d1056-e660bd2f22bc7866.js  53.6 kB
  Γöö other shared chunks (total)          1.96 kB


Γùï  (Static)   prerendered as static content
╞Æ  (Dynamic)  server-rendered on demand

